<!doctype html public "-//w3c//dtd html 4.0 transitional//en">
<html><head>
<title>Static Call Graph - [.\Objects\Lab1.1]</title></head>
<body><HR>
<H1>Static Call Graph for image .\Objects\Lab1.1</H1><HR>
<BR><P>#&#060CALLGRAPH&#062# ARM Linker, 6160001: Last Updated: Mon Apr 25 21:30:49 2022
<BR><P>
<H3>Maximum Stack Usage =          0 bytes + Unknown(Cycles, Untraceable Function Pointers)</H3><H3>
Call chain for Maximum Stack Depth:</H3>

<P>
<H3>
Mutually Recursive functions
</H3> <LI><a href="#[2]">parity_prog</a>&nbsp;&nbsp;&nbsp;&rArr;&nbsp;&nbsp;&nbsp;<a href="#[2]">parity_prog</a><BR>
</UL>
<P>
<H3>
Function Pointers
</H3><UL>
 <LI><a href="#[0]">Start</a> from lab11.o(RESET) referenced from lab11.o(RESET)
</UL>
<P>
<H3>
Global Symbols
</H3><P>
<H3>
Local Symbols
</H3>
<P><STRONG><a name="[0]"></a>Start</STRONG> (Thumb, 30 bytes, Stack size 0 bytes, lab11.o(RESET))
<BR><BR>[Calls]<UL><LI><a href="#[1]">&gt;&gt;</a>&nbsp;&nbsp;&nbsp;Allprog
</UL>
<BR>[Address Reference Count : 1]<UL><LI> lab11.o(RESET)
</UL>
<P><STRONG><a name="[1]"></a>Allprog</STRONG> (Thumb, 72 bytes, Stack size 0 bytes, lab11.o(RESET))
<BR><BR>[Calls]<UL><LI><a href="#[4]">&gt;&gt;</a>&nbsp;&nbsp;&nbsp;avg_prog
<LI><a href="#[3]">&gt;&gt;</a>&nbsp;&nbsp;&nbsp;positive_prog
<LI><a href="#[2]">&gt;&gt;</a>&nbsp;&nbsp;&nbsp;parity_prog
</UL>
<BR>[Called By]<UL><LI><a href="#[0]">&gt;&gt;</a>&nbsp;&nbsp;&nbsp;Start
</UL>

<P><STRONG><a name="[2]"></a>parity_prog</STRONG> (Thumb, 46 bytes, Stack size 0 bytes, lab11.o(RESET))
<BR><BR>[Calls]<UL><LI><a href="#[2]">&gt;&gt;</a>&nbsp;&nbsp;&nbsp;parity_prog
</UL>
<BR>[Called By]<UL><LI><a href="#[2]">&gt;&gt;</a>&nbsp;&nbsp;&nbsp;parity_prog
<LI><a href="#[1]">&gt;&gt;</a>&nbsp;&nbsp;&nbsp;Allprog
</UL>

<P><STRONG><a name="[3]"></a>positive_prog</STRONG> (Thumb, 36 bytes, Stack size 0 bytes, lab11.o(RESET))
<BR><BR>[Called By]<UL><LI><a href="#[1]">&gt;&gt;</a>&nbsp;&nbsp;&nbsp;Allprog
</UL>

<P><STRONG><a name="[4]"></a>avg_prog</STRONG> (Thumb, 26 bytes, Stack size 0 bytes, lab11.o(RESET))
<BR><BR>[Called By]<UL><LI><a href="#[1]">&gt;&gt;</a>&nbsp;&nbsp;&nbsp;Allprog
</UL>
<P>
<H3>
Undefined Global Symbols
</H3><HR></body></html>
