Component: ARM Compiler 6.16 Tool: armlink [5dfeaa00]

==============================================================================

Section Cross References

    lab11.o(RESET) refers to lab11.o(CONSTANT_FLASH) for mas
    lab11.o(RESET) refers to lab11.o(VERIABLE_RAM) for avgres


==============================================================================

Image Symbol Table

    Local Symbols

    Symbol Name                              Value     Ov Type        Size  Object(Section)

    Lab11.s                                  0x00000000   Number         0  lab11.o ABSOLUTE
    RESET                                    0x08000000   Section      244  lab11.o(RESET)
    Start                                    0x08000009   Thumb Code    30  lab11.o(RESET)
    Allprog                                  0x08000027   Thumb Code    72  lab11.o(RESET)
    parity_prog                              0x0800006f   Thumb Code    46  lab11.o(RESET)
    positive_prog                            0x0800009d   Thumb Code    36  lab11.o(RESET)
    avg_prog                                 0x080000c1   Thumb Code    26  lab11.o(RESET)
    mas                                      0x080000f4   Data          12  lab11.o(CONSTANT_FLASH)
    CONSTANT_FLASH                           0x080000f4   Section       26  lab11.o(CONSTANT_FLASH)
    mas_size                                 0x08000100   Data           1  lab11.o(CONSTANT_FLASH)
    mas1                                     0x08000101   Data          12  lab11.o(CONSTANT_FLASH)
    mas_size1                                0x0800010d   Data           1  lab11.o(CONSTANT_FLASH)
    VERIABLE_RAM                             0x20000000   Section       28  lab11.o(VERIABLE_RAM)
    avgres                                   0x2000001a   Data           1  lab11.o(VERIABLE_RAM)
    avgres1                                  0x2000001b   Data           1  lab11.o(VERIABLE_RAM)

    Global Symbols

    Symbol Name                              Value     Ov Type        Size  Object(Section)

    BuildAttributes$$THM_ISAv4$P$D$K$B$S$A:L22UL41UL21$X:L11$S22US41US21$IEEE1$~IW$USESV6$~STKCKD$USESV7$~SHL$OSPACE$EBA8$STANDARDLIB$PRES8$EABIv2 0x00000000   Number         0  anon$$obj.o ABSOLUTE



==============================================================================

Memory Map of the image

  Image Entry point : 0x08000009

  Load Region LR_IROM1 (Base: 0x08000000, Size: 0x0000012c, Max: 0x00010000, ABSOLUTE)

    Execution Region ER_IROM1 (Exec base: 0x08000000, Load base: 0x08000000, Size: 0x00000110, Max: 0x00010000, ABSOLUTE)

    Exec Addr    Load Addr    Size         Type   Attr      Idx    E Section Name        Object

    0x08000000   0x08000000   0x000000f4   Code   RO            3  * RESET               lab11.o
    0x080000f4   0x080000f4   0x0000001a   Data   RO            1    CONSTANT_FLASH      lab11.o


    Execution Region RW_IRAM1 (Exec base: 0x20000000, Load base: 0x08000110, Size: 0x0000001c, Max: 0x00005000, ABSOLUTE)

    Exec Addr    Load Addr    Size         Type   Attr      Idx    E Section Name        Object

    0x20000000   0x08000110   0x0000001c   Data   RW            2    VERIABLE_RAM        lab11.o


==============================================================================

Image component sizes


      Code (inc. data)   RO Data    RW Data    ZI Data      Debug   Object Name

       244         34         26         28          0        596   lab11.o

    ----------------------------------------------------------------------
       244         34         28         28          0        596   Object Totals
         0          0          0          0          0          0   (incl. Generated)
         0          0          2          0          0          0   (incl. Padding)

    ----------------------------------------------------------------------
         0          0          0          0          0          0   Library Totals
         0          0          0          0          0          0   (incl. Padding)

    ----------------------------------------------------------------------

==============================================================================


      Code (inc. data)   RO Data    RW Data    ZI Data      Debug   

       244         34         28         28          0        596   Grand Totals
       244         34         28         28          0        596   ELF Image Totals
       244         34         28         28          0          0   ROM Totals

==============================================================================

    Total RO  Size (Code + RO Data)                  272 (   0.27kB)
    Total RW  Size (RW Data + ZI Data)                28 (   0.03kB)
    Total ROM Size (Code + RO Data + RW Data)        300 (   0.29kB)

==============================================================================

