Component: ARM Compiler 6.16 Tool: armlink [5dfeaa00]

==============================================================================

Section Cross References

    lab11.o(RESET) refers to lab11.o(CONSTANT_FLASH) for mas
    lab11.o(RESET) refers to lab11.o(VERIABLE_RAM) for avgres


==============================================================================

Image Symbol Table

    Local Symbols

    Symbol Name                              Value     Ov Type        Size  Object(Section)

    Lab11.s                                  0x00000000   Number         0  lab11.o ABSOLUTE
    RESET                                    0x08000000   Section      212  lab11.o(RESET)
    Start                                    0x08000009   Thumb Code    16  lab11.o(RESET)
    Allprog                                  0x08000019   Thumb Code    50  lab11.o(RESET)
    parity_prog                              0x0800004b   Thumb Code    46  lab11.o(RESET)
    positive_prog                            0x08000079   Thumb Code    36  lab11.o(RESET)
    avg_prog                                 0x0800009d   Thumb Code    26  lab11.o(RESET)
    mas                                      0x080000d4   Data          10  lab11.o(CONSTANT_FLASH)
    CONSTANT_FLASH                           0x080000d4   Section       11  lab11.o(CONSTANT_FLASH)
    mas_size                                 0x080000de   Data           1  lab11.o(CONSTANT_FLASH)
    MAX_SIZEpar                              0x20000000   Data           1  lab11.o(VERIABLE_RAM)
    VERIABLE_RAM                             0x20000000   Section       27  lab11.o(VERIABLE_RAM)
    MAX_SIZEpos                              0x20000001   Data           1  lab11.o(VERIABLE_RAM)
    mas_parity                               0x20000002   Data          12  lab11.o(VERIABLE_RAM)
    mas_positive                             0x2000000e   Data          12  lab11.o(VERIABLE_RAM)
    avgres                                   0x2000001a   Data           1  lab11.o(VERIABLE_RAM)

    Global Symbols

    Symbol Name                              Value     Ov Type        Size  Object(Section)

    BuildAttributes$$THM_ISAv4$P$D$K$B$S$A:L22UL41UL21$X:L11$S22US41US21$IEEE1$~IW$USESV6$~STKCKD$USESV7$~SHL$OSPACE$EBA8$STANDARDLIB$PRES8$EABIv2 0x00000000   Number         0  anon$$obj.o ABSOLUTE



==============================================================================

Memory Map of the image

  Image Entry point : 0x08000009

  Load Region LR_IROM1 (Base: 0x08000000, Size: 0x000000fc, Max: 0x00010000, ABSOLUTE)

    Execution Region ER_IROM1 (Exec base: 0x08000000, Load base: 0x08000000, Size: 0x000000e0, Max: 0x00010000, ABSOLUTE)

    Exec Addr    Load Addr    Size         Type   Attr      Idx    E Section Name        Object

    0x08000000   0x08000000   0x000000d4   Code   RO            3  * RESET               lab11.o
    0x080000d4   0x080000d4   0x0000000b   Data   RO            1    CONSTANT_FLASH      lab11.o


    Execution Region RW_IRAM1 (Exec base: 0x20000000, Load base: 0x080000e0, Size: 0x0000001c, Max: 0x00005000, ABSOLUTE)

    Exec Addr    Load Addr    Size         Type   Attr      Idx    E Section Name        Object

    0x20000000   0x080000e0   0x0000001b   Data   RW            2    VERIABLE_RAM        lab11.o


==============================================================================

Image component sizes


      Code (inc. data)   RO Data    RW Data    ZI Data      Debug   Object Name

       212         38         11         27          0        544   lab11.o

    ----------------------------------------------------------------------
       212         38         12         28          0        544   Object Totals
         0          0          0          0          0          0   (incl. Generated)
         0          0          1          1          0          0   (incl. Padding)

    ----------------------------------------------------------------------
         0          0          0          0          0          0   Library Totals
         0          0          0          0          0          0   (incl. Padding)

    ----------------------------------------------------------------------

==============================================================================


      Code (inc. data)   RO Data    RW Data    ZI Data      Debug   

       212         38         12         28          0        544   Grand Totals
       212         38         12         28          0        544   ELF Image Totals
       212         38         12         28          0          0   ROM Totals

==============================================================================

    Total RO  Size (Code + RO Data)                  224 (   0.22kB)
    Total RW  Size (RW Data + ZI Data)                28 (   0.03kB)
    Total ROM Size (Code + RO Data + RW Data)        252 (   0.25kB)

==============================================================================

